                       GM Monthly 01/29/2016 - 12/30/2016                      1
                                           Saturday, August 28, 2021 02:55:00 PM

                                           LOG_RET_     ANNUAL_
                Obs    _TYPE_    _FREQ_       SUM       RETURN

                 1        0        12      0.031359    0.074876
                        GM Daily 01/04/2016 - 12/30/2016                       2
                                           Saturday, August 28, 2021 02:55:00 PM

                                           LOG_RET_     ANNUAL_
                Obs    _TYPE_    _FREQ_       SUM       RETURN

                 1        0        252     0.031230    0.074558
                      LULU Monthly 01/29/2016 - 12/30/2016                     3
                                           Saturday, August 28, 2021 02:55:00 PM

                                            LOG_RET_    ANNUAL_
                 Obs    _TYPE_    _FREQ_       SUM       RETURN

                  1        0        12      0.092935    0.23861
                       LULU Daily 01/04/2016 - 12/30/2016                      4
                                           Saturday, August 28, 2021 02:55:00 PM

                                            LOG_RET_    ANNUAL_
                 Obs    _TYPE_    _FREQ_       SUM       RETURN

                  1        0        252     0.092935    0.23861
